https://raw.githubusercontent.com/stefanos1316/Rosetta_Code_Research_MSR/master/Scripts/Task/a%2Bb/abap/a%2Bb.abap
https://raw.githubusercontent.com/pastelito02/Challenges-sol/master/Programming/Codeabbey/001/rossetacode.ada
https://raw.githubusercontent.com/stefanos1316/Rosetta_Code_Research_MSR/master/Scripts/Task/a%2Bb/aime/a%2Bb.aime
https://raw.githubusercontent.com/pastelito02/Challenges-sol/master/Programming/Codeabbey/001/rosettacode.arc
https://raw.githubusercontent.com/redalgorithm/Basic-ASM-Program/master/ASM%20Sample%20Program/main.asm
https://raw.githubusercontent.com/lllllll-llll-llllll/codeabbey_autoit/master/01.au3
https://raw.githubusercontent.com/RyanLafferty/CodeAbbey/master/p1.c
https://raw.githubusercontent.com/KarolS/weird-flex/master/cobol/CODEABBEY-SET-1.cbl
https://raw.githubusercontent.com/JulianBirch/cljs-ajax/master/src/ajax/core.cljc
https://raw.githubusercontent.com/GusEstrella/Sumar-A-y-B/master/Sumar%20A%20y%20B.cpp
https://raw.githubusercontent.com/Tempurturtul/CodeAbbey/master/C%23/Sum.cs
https://raw.githubusercontent.com/KaroliinaAaltonen/Dart---calculator/main/main.dart
https://raw.githubusercontent.com/stefanos1316/Rosetta_Code_Research_MSR/master/Scripts/Task/a%2Bb/delphi/a%2Bb.delphi
https://raw.githubusercontent.com/pastelito02/Challenges-sol/master/Programming/Codeabbey/001/rpsettacode.dgn
https://raw.githubusercontent.com/pastelito02/Challenges-sol/master/Programming/Codeabbey/001/rosettacode.e
https://raw.githubusercontent.com/garethrees/programming-elixir/master/chapter5/sum.exs
https://raw.githubusercontent.com/owainkenwayucl/utils/master/src/intsum.f
https://raw.githubusercontent.com/stefanos1316/Rosetta_Code_Research_MSR/master/Scripts/Task/a%2Bb/fantom/a%2Bb.fantom
https://raw.githubusercontent.com/skilled19/sols/master/eldanielcr-01-sum-ofab.fs
https://raw.githubusercontent.com/pastelito02/Challenges-sol/master/Programming/Codeabbey/001/rosettacode.funl
https://raw.githubusercontent.com/schoolo/codeabbey/master/problems/one/main.go
https://raw.githubusercontent.com/pastelito02/Challenges-sol/master/Programming/Codeabbey/001/rosettacode.groovy
https://raw.githubusercontent.com/pastelito02/Challenges-sol/master/Programming/Codeabbey/001/rosettacode.hexi
https://raw.githubusercontent.com/haskell/math-functions/f746f282a16a0cf407a0a2a90c9797decd878ec3/Numeric/Sum.hs
https://raw.githubusercontent.com/stefanos1316/Rosetta_Code_Research_MSR/master/Scripts/Task/a%2Bb/icon/a%2Bb.icon
https://raw.githubusercontent.com/tomGdow/addTwoNumbers/master/addTwoNumbers.iml
https://raw.githubusercontent.com/bkawan/codeabbey_python/master/problem-1.ipynb
https://raw.githubusercontent.com/ImEngineerDew/JavaFiles/master/Challenges/CodeAbbey/number001/src/Main.java
https://raw.githubusercontent.com/jorgelinadev/ejercicio-sumar-a-y-b-funciones-js/master/app.js
https://raw.githubusercontent.com/victorcuervo/lineadecodigo_javaee/master/src/main/webapp/sumar-datos.jsp
https://raw.githubusercontent.com/pastelito02/Challenges-sol/master/Programming/Codeabbey/001/rosettacode.kg
https://raw.githubusercontent.com/peiandsky/codeabbeyByKotlin/master/src/problems01_10/Problem01_SumAB.kt
https://raw.githubusercontent.com/viral94/sum.lua/master/sum.lua
https://raw.githubusercontent.com/DtjiPsimfans/MATLAB-Simple-Calculator/master/simplecalculator.m
https://raw.githubusercontent.com/stefanos1316/Rosetta_Code_Research_MSR/master/Scripts/Task/a%2Bb/maxima/a%2Bb.maxima
https://raw.githubusercontent.com/KarolS/weird-flex/master/millfork/codeabbey1.mfk
https://raw.githubusercontent.com/skilled19/sols/master/harv/codeabbey-1-sum-of-two.ml
https://raw.githubusercontent.com/Chriswell09/SolutionCodeabbey/main/001.pascal
https://raw.githubusercontent.com/KBZS/4-Pep-8-Assembly-Programming/master/sumDiff.pep
https://raw.githubusercontent.com/dev-mhrony/Sum-in-PHP/main/SUM/String%20with%20Number.php
https://raw.githubusercontent.com/skilled19/sols/master/harv/codeabbey-1-sum-of-two.pl
https://raw.githubusercontent.com/Xzya/CodeAbbeySolutions/master/SumAB.py
https://raw.githubusercontent.com/LuisPatino92/fluid_attacks_recruitment_process-ExternalSolutions/main/001/codeabbey001.py0
https://raw.githubusercontent.com/LuisPatino92/fluid_attacks_recruitment_process-ExternalSolutions/main/001/codeabbey001.py02
https://raw.githubusercontent.com/LuisPatino92/fluid_attacks_recruitment_process-ExternalSolutions/main/001/codeabbey001.py03
https://raw.githubusercontent.com/LuisPatino92/fluid_attacks_recruitment_process-ExternalSolutions/main/001/codeabbey001.py1
https://raw.githubusercontent.com/LuisPatino92/fluid_attacks_recruitment_process-ExternalSolutions/main/001/codeabbey001.py4
https://raw.githubusercontent.com/LuisPatino92/fluid_attacks_recruitment_process-ExternalSolutions/main/001/codeabbey001.py5
https://raw.githubusercontent.com/LuisPatino92/fluid_attacks_recruitment_process-ExternalSolutions/main/001/codeabbey001.py6
https://raw.githubusercontent.com/LuisPatino92/fluid_attacks_recruitment_process-ExternalSolutions/main/001/codeabbey001.py7
https://raw.githubusercontent.com/LuisPatino92/fluid_attacks_recruitment_process-ExternalSolutions/main/001/codeabbey001.py8
https://raw.githubusercontent.com/LuisPatino92/fluid_attacks_recruitment_process-ExternalSolutions/main/001/codeabbey001.py9
https://raw.githubusercontent.com/stefanos1316/Rosetta_Code_Research_MSR/master/Scripts/Task/a%2Bb/rexx/a%2Bb-1.rexx
https://raw.githubusercontent.com/MegandM/SumMax/development/src/main/scala/Main.scala
https://raw.githubusercontent.com/AfrazCodes/SwiftUI-Calculator/master/Calculator/ContentView.swift
https://raw.githubusercontent.com/Camiko0/Suma_Assembler/master/Assembler_Suma.txt
https://raw.githubusercontent.com/SuhailAhamed2000/full-adder/main/fulladder.v
https://raw.githubusercontent.com/skilled19/sols/master/harv/codeabbey-1-sum-of-two.vb
https://raw.githubusercontent.com/aryclenio/4Bit-Calculator/master/somador.vhd
https://raw.githubusercontent.com/Callum-OP/Calculator-App/main/calculator-app/src/components/CalculatorApp.vue
https://raw.githubusercontent.com/antoniocachuan/ejerciciosjava/master/AprendiendoJSF/web/suma.xhtml
https://raw.githubusercontent.com/JesseClarkND/codeabbey_in_C-NET/master/Sum%20%22A%2BB%22
